------------------------------------------------------------
Timing Analyzer Summary
------------------------------------------------------------

Type  : Slow 1100mV 85C Model Setup 'clk'
Slack : -5.284
TNS   : -8265.820

Type  : Slow 1100mV 85C Model Hold 'clk'
Slack : 0.341
TNS   : 0.000

Type  : Slow 1100mV 85C Model Minimum Pulse Width 'clk'
Slack : -2.225
TNS   : -10973.057

Type  : Slow 1100mV 0C Model Setup 'clk'
Slack : -5.363
TNS   : -7803.265

Type  : Slow 1100mV 0C Model Hold 'clk'
Slack : 0.320
TNS   : 0.000

Type  : Slow 1100mV 0C Model Minimum Pulse Width 'clk'
Slack : -2.225
TNS   : -10982.191

Type  : Fast 1100mV 85C Model Setup 'clk'
Slack : -3.309
TNS   : -4193.977

Type  : Fast 1100mV 85C Model Hold 'clk'
Slack : 0.180
TNS   : 0.000

Type  : Fast 1100mV 85C Model Minimum Pulse Width 'clk'
Slack : -2.174
TNS   : -10737.253

Type  : Fast 1100mV 0C Model Setup 'clk'
Slack : -2.767
TNS   : -3375.299

Type  : Fast 1100mV 0C Model Hold 'clk'
Slack : 0.170
TNS   : 0.000

Type  : Fast 1100mV 0C Model Minimum Pulse Width 'clk'
Slack : -2.174
TNS   : -10739.489

------------------------------------------------------------
